\BOOKMARK [0][-]{section*.2}{\376\377\144\130\000\040\211\201}{}% 1
\BOOKMARK [0][-]{section*.3}{\376\377\000A\000B\000S\000T\000R\000A\000C\000T}{}% 2
\BOOKMARK [0][-]{chapter.1}{\376\377\137\025\212\000}{}% 3
\BOOKMARK [0][-]{chapter.2}{\376\377\145\207\163\056\176\374\217\360}{}% 4
\BOOKMARK [1][-]{section.2.1}{\376\377\121\154\137\017\166\204\117\177\165\050}{chapter.2}% 5
\BOOKMARK [1][-]{section.2.2}{\376\377\143\322\126\376\166\204\117\177\165\050}{chapter.2}% 6
\BOOKMARK [1][-]{section.2.3}{\376\377\210\150\150\074\166\204\117\177\165\050}{chapter.2}% 7
\BOOKMARK [2][-]{subsection.2.3.1}{\376\377\146\156\220\032\210\150\150\074}{section.2.3}% 8
\BOOKMARK [2][-]{subsection.2.3.2}{\376\377\215\350\230\165\210\150\150\074}{section.2.3}% 9
\BOOKMARK [2][-]{subsection.2.3.3}{\376\377\176\337\213\241\210\150\150\074}{section.2.3}% 10
\BOOKMARK [1][-]{section.2.4}{\376\377\122\027\210\150\166\204\117\177\165\050}{chapter.2}% 11
\BOOKMARK [2][-]{subsection.2.4.1}{\376\377\147\011\136\217\122\027\210\150}{section.2.4}% 12
\BOOKMARK [2][-]{subsection.2.4.2}{\376\377\116\015\213\241\145\160\122\027\210\150}{section.2.4}% 13
\BOOKMARK [1][-]{section.2.5}{\376\377\133\232\164\006\166\204\117\177\165\050}{chapter.2}% 14
\BOOKMARK [0][-]{chapter.3}{\376\377\170\024\172\166\213\276\213\241}{}% 15
\BOOKMARK [1][-]{section.3.1}{\376\377\145\160\143\156}{chapter.3}% 16
\BOOKMARK [2][-]{subsection.3.1.1}{\376\377\145\160\143\156\147\145\156\220}{section.3.1}% 17
\BOOKMARK [2][-]{subsection.3.1.2}{\376\377\145\160\143\156\131\004\164\006}{section.3.1}% 18
\BOOKMARK [2][-]{subsection.3.1.3}{\376\377\145\160\143\156\122\006\147\220}{section.3.1}% 19
\BOOKMARK [1][-]{section.3.2}{\376\377\152\041\127\213\213\276\213\241}{chapter.3}% 20
\BOOKMARK [1][-]{section.3.3}{\376\377\174\373\176\337\213\276\213\241}{chapter.3}% 21
\BOOKMARK [2][-]{subsection.3.3.1}{\376\377\147\266\147\204\213\276\213\241}{section.3.3}% 22
\BOOKMARK [2][-]{subsection.3.3.2}{\376\377\116\055\131\056\202\202\160\271}{section.3.3}% 23
\BOOKMARK [2][-]{subsection.3.3.3}{\376\377\213\255\176\303\202\202\160\271}{section.3.3}% 24
\BOOKMARK [0][-]{chapter.4}{\376\377\121\166\133\203\150\074\137\017}{}% 25
\BOOKMARK [1][-]{section.4.1}{\376\377\116\343\170\001}{chapter.4}% 26
\BOOKMARK [2][-]{subsection.4.1.1}{\376\377\123\237\131\313\116\343\170\001}{section.4.1}% 27
\BOOKMARK [2][-]{subsection.4.1.2}{\376\377\116\343\170\001\232\330\116\256}{section.4.1}% 28
\BOOKMARK [2][-]{subsection.4.1.3}{\376\377\173\227\154\325\143\317\217\360\000/\117\052\116\343\170\001}{section.4.1}% 29
\BOOKMARK [1][-]{section.4.2}{\376\377\176\330\126\376}{chapter.4}% 30
\BOOKMARK [1][-]{section.4.3}{\376\377\121\231\127\050\147\000\124\016}{chapter.4}% 31
\BOOKMARK [0][-]{section*.11}{\376\377\123\302\200\003\145\207\163\056}{}% 32
\BOOKMARK [0][-]{section*.13}{\376\377\201\364\214\042}{}% 33
\BOOKMARK [0][-]{appendix.A}{\376\377\145\160\143\156}{}% 34
\BOOKMARK [1][-]{section.A.1}{\376\377\173\054\116\000\116\052\155\113\213\325}{appendix.A}% 35
